




2025-11-13T15:35:25Z Ignoring unknown configuration value signet.add-node
2025-11-13T15:35:25Z Signet with challenge 0014225f4a2c49de6f61aaaf4a2101ad1ff9d6004a71
2025-11-13T15:35:25Z Bitcoin Core version v30.99.0-d351bd00a4bf-dirty (release build)
2025-11-13T15:35:25Z Signet derived magic (message start): fd148ec2
2025-11-13T15:35:25Z Using the 'arm_shani(1way;2way)' SHA256 implementation
2025-11-13T15:35:25Z Default data directory /Users/git/Library/Application Support/Bitcoin
2025-11-13T15:35:25Z Using data directory /Users/Shared/bitcoincore-dev/.github/bitcoin/pr896/signet_data/signet
2025-11-13T15:35:25Z Config file: /Users/Shared/bitcoincore-dev/.github/bitcoin/pr896/signet_data/bitcoin.conf
2025-11-13T15:35:25Z Config file arg: rpcpassword=****
2025-11-13T15:35:25Z Config file arg: rpcuser=****
2025-11-13T15:35:25Z Config file arg: signet="1"
2025-11-13T15:35:25Z Config file arg: [signet] daemon="1"
2025-11-13T15:35:25Z Config file arg: [signet] rpcport="38332"
2025-11-13T15:35:25Z Config file arg: [signet] signetchallenge="0014225f4a2c49de6f61aaaf4a2101ad1ff9d6004a71"
2025-11-13T15:35:25Z Command-line arg: daemon=""
2025-11-13T15:35:25Z Command-line arg: datadir="./signet_data"
2025-11-13T15:35:25Z Command-line arg: signet=""
2025-11-13T15:35:25Z Using at most 125 automatic connections (285 file descriptors available)
2025-11-13T15:35:25Z Warning: relative datadir option './signet_data' specified, which will be interpreted relative to the current working directory '/Users/Shared/bitcoincore-dev/.github/bitcoin/pr896'. This is fragile, because if bitcoin is started in the future from a different location, it will be unable to locate the current data files. There could also be data loss if bitcoin is started while in a temporary directory.
2025-11-13T15:35:25Z scheduler thread start
2025-11-13T15:35:25Z Binding RPC on address ::1 port 38332
2025-11-13T15:35:25Z Binding RPC on address 127.0.0.1 port 38332
2025-11-13T15:35:25Z Using rpcuser/rpcpassword authentication.
2025-11-13T15:35:25Z [warning] The use of rpcuser/rpcpassword is less secure, because credentials are configured in plain text. It is recommended that locally-run instances switch to cookie-based auth, or otherwise to use hashed rpcauth credentials. See share/rpcauth in the source directory for more information.
2025-11-13T15:35:25Z Starting HTTP server with 16 worker threads
2025-11-13T15:35:25Z Using wallet directory /Users/Shared/bitcoincore-dev/.github/bitcoin/pr896/signet_data/signet/wallets
2025-11-13T15:35:25Z init message: Verifying wallet(s)…
2025-11-13T15:35:25Z Using /16 prefix for IP bucketing
2025-11-13T15:35:25Z init message: Loading P2P addresses…
2025-11-13T15:35:25Z Creating peers.dat because the file was not found ("/Users/Shared/bitcoincore-dev/.github/bitcoin/pr896/signet_data/signet/peers.dat")
2025-11-13T15:35:25Z init message: Loading banlist…
2025-11-13T15:35:25Z Recreating the banlist database
2025-11-13T15:35:25Z SetNetworkActive: true
2025-11-13T15:35:25Z /Users/Shared/bitcoincore-dev/.github/bitcoin/pr896/signet_data/signet/fee_estimates.dat is not found. Continue anyway.
2025-11-13T15:35:25Z Cache configuration:
2025-11-13T15:35:25Z * Using 2.0 MiB for block index database
2025-11-13T15:35:25Z * Using 8.0 MiB for chain state database
2025-11-13T15:35:25Z * Using 440.0 MiB for in-memory UTXO set (plus up to 286.1 MiB of unused mempool space)
2025-11-13T15:35:25Z Script verification uses 7 additional threads
2025-11-13T15:35:25Z Using obfuscation key for blocksdir *.dat files (/Users/Shared/bitcoincore-dev/.github/bitcoin/pr896/signet_data/signet/blocks): '27faf6a7f5cc831f'
2025-11-13T15:35:25Z Opening LevelDB in /Users/Shared/bitcoincore-dev/.github/bitcoin/pr896/signet_data/signet/blocks/index
2025-11-13T15:35:25Z Opened LevelDB successfully
2025-11-13T15:35:25Z Using obfuscation key for /Users/Shared/bitcoincore-dev/.github/bitcoin/pr896/signet_data/signet/blocks/index: 0000000000000000
2025-11-13T15:35:25Z Using 16 MiB out of 16 MiB requested for signature cache, able to store 524288 elements
2025-11-13T15:35:25Z Using 16 MiB out of 16 MiB requested for script execution cache, able to store 524288 elements
2025-11-13T15:35:25Z init message: Loading block index…
2025-11-13T15:35:25Z Validating signatures for all blocks.
2025-11-13T15:35:25Z Setting nMinimumChainWork=0000000000000000000000000000000000000000000000000000000000000000
2025-11-13T15:35:25Z Loading block index db: last block file = 0
2025-11-13T15:35:25Z Loading block index db: last block file info: CBlockFileInfo(blocks=0, size=0, heights=0...0, time=1970-01-01...1970-01-01)
2025-11-13T15:35:25Z Checking all blk files are present...
2025-11-13T15:35:25Z Initializing chainstate Chainstate [ibd] @ height -1 (null)
2025-11-13T15:35:25Z Opening LevelDB in /Users/Shared/bitcoincore-dev/.github/bitcoin/pr896/signet_data/signet/chainstate
2025-11-13T15:35:25Z Opened LevelDB successfully
2025-11-13T15:35:25Z Wrote new obfuscation key for /Users/Shared/bitcoincore-dev/.github/bitcoin/pr896/signet_data/signet/chainstate: ece6507fbe1ac646
2025-11-13T15:35:25Z Using obfuscation key for /Users/Shared/bitcoincore-dev/.github/bitcoin/pr896/signet_data/signet/chainstate: ece6507fbe1ac646
2025-11-13T15:35:25Z init message: Verifying blocks…
2025-11-13T15:35:25Z Block index and chainstate loaded
2025-11-13T15:35:25Z Setting NODE_NETWORK on non-prune mode
2025-11-13T15:35:25Z initload thread start
2025-11-13T15:35:25Z UpdateTip: new best=00000008819873e925422c1ff0f99f7cc9bbb232af63a077a480a3633bee1ef6 height=0 version=0x00000001 log2_work=22.206105 tx=1 date='2020-09-01T00:00:00Z' progress=1.000000 cache=0.3MiB(0txo)
2025-11-13T15:35:25Z Failed to open mempool file. Continuing anyway.
2025-11-13T15:35:25Z initload thread exit
2025-11-13T15:35:25Z block tree size = 1
2025-11-13T15:35:25Z nBestHeight = 0
2025-11-13T15:35:25Z mapport thread start
2025-11-13T15:35:25Z torcontrol thread start
2025-11-13T15:35:25Z AddLocal([2607:fb92:1c06:657a:cf1:b9b:906:47]:38333,1)
2025-11-13T15:35:25Z Discover: 2607:fb92:1c06:657a:cf1:b9b:906:47
2025-11-13T15:35:25Z AddLocal([2607:fb92:1c06:657a:68e8:a648:520c:795a]:38333,1)
2025-11-13T15:35:25Z Discover: 2607:fb92:1c06:657a:68e8:a648:520c:795a
2025-11-13T15:35:25Z AddLocal([2607:fb92:1c06:657a:e103:ce58:c19c:aeaa]:38333,1)
2025-11-13T15:35:25Z Discover: 2607:fb92:1c06:657a:e103:ce58:c19c:aeaa
2025-11-13T15:35:25Z AddLocal([2607:fb92:1c06:657a:1594:b17e:6bcb:3c5e]:38333,1)
2025-11-13T15:35:25Z Discover: 2607:fb92:1c06:657a:1594:b17e:6bcb:3c5e
2025-11-13T15:35:25Z AddLocal([2607:fb92:1c06:657a:e44c:cc91:7724:5b7a]:38333,1)
2025-11-13T15:35:25Z Discover: 2607:fb92:1c06:657a:e44c:cc91:7724:5b7a
2025-11-13T15:35:25Z Bound to 127.0.0.1:38334
2025-11-13T15:35:25Z Bound to [::]:38333
2025-11-13T15:35:25Z Bound to 0.0.0.0:38333
2025-11-13T15:35:25Z 0 block-relay-only anchors will be tried for connections.
2025-11-13T15:35:25Z init message: Starting network threads…
2025-11-13T15:35:25Z dnsseed thread start
2025-11-13T15:35:25Z 0 addresses found from DNS seeds
2025-11-13T15:35:25Z dnsseed thread exit
2025-11-13T15:35:25Z init message: Done loading
2025-11-13T15:35:25Z opencon thread start
2025-11-13T15:35:25Z msghand thread start
2025-11-13T15:35:25Z addcon thread start
2025-11-13T15:35:25Z net thread start
2025-11-13T15:35:25Z [net:info] portmap: Added mapping pcp:192.168.12.214:38333 -> 192.168.2.2:38333 (for 2400s)
2025-11-13T15:35:30Z Using SQLite Version 3.43.2
2025-11-13T15:35:30Z Using wallet /Users/Shared/bitcoincore-dev/.github/bitcoin/pr896/signet_data/signet/wallets/miner
2025-11-13T15:35:30Z init message: Loading wallet…
2025-11-13T15:35:30Z [miner] Legacy Wallet Keys: 0 plaintext, 0 encrypted, 0 w/ metadata, 0 total.
2025-11-13T15:35:30Z [miner] Descriptors: 0, Descriptor Keys: 0 plaintext, 0 encrypted, 0 total.
2025-11-13T15:35:30Z [miner] Setting spkMan to active: id = 3325ac7b3dde7c85224b1fbac5f5c9e159986a1b63be36ce48661177bf80a763, type = legacy, internal = false
2025-11-13T15:35:30Z [miner] Setting spkMan to active: id = 938d9de129807d35dffbacb55d35620f7c23696f2b9432769725f8b52a403c6d, type = p2sh-segwit, internal = false
2025-11-13T15:35:30Z [miner] Setting spkMan to active: id = f4b394a1c5266d6bdade865aa9dd8d81b54d239d53d32b66412e3df3429ce0e8, type = bech32, internal = false
2025-11-13T15:35:30Z [miner] Setting spkMan to active: id = 9e96eb2456b6835f671cb0fc879c6a1e12e18bc231af68d30ed8ac2848677e98, type = bech32m, internal = false
2025-11-13T15:35:30Z [miner] Setting spkMan to active: id = 3175199253374743c96c3342c76566150e605a84499d78faa91c3317ac7b36be, type = legacy, internal = true
2025-11-13T15:35:30Z [miner] Setting spkMan to active: id = 66d14eea3d2471ebc425ad685d43b0e98c9dedde9764f5e74c61914e1849472a, type = p2sh-segwit, internal = true
2025-11-13T15:35:30Z [miner] Setting spkMan to active: id = d2b6e47a7954f5095f23b49ebd8d8a0db80c4e1d888664de2c132fd22384e9ba, type = bech32, internal = true
2025-11-13T15:35:30Z [miner] Setting spkMan to active: id = 255d9fac93262dc3eb7376eec0dc6a3260ce5558b3bfa36d318395f76b830364, type = bech32m, internal = true
2025-11-13T15:35:30Z [miner] Wallet completed loading in             292ms
2025-11-13T15:35:30Z [miner] setKeyPool.size() = 8000
2025-11-13T15:35:30Z [miner] mapWallet.size() = 0
2025-11-13T15:35:30Z [miner] m_address_book.size() = 0
2025-11-13T15:35:30Z [miner] Setting spkMan to active: id = 0bdf7f1cb62772e19081d184b343b5a8cd64281277eb0d278d2984a28f17d814, type = legacy, internal = false
2025-11-13T15:35:30Z [miner] Setting spkMan to active: id = 90db61567f29beb142de5e7307beef237c340a794808cfd16fbdbfcf4566c56a, type = legacy, internal = true
2025-11-13T15:35:30Z [miner] Setting spkMan to active: id = 1a7120f008a6a32fcbc043792b9fa9a5a16afbb95836f5aa4c3e594cbd677d6b, type = p2sh-segwit, internal = false
2025-11-13T15:35:30Z [miner] Setting spkMan to active: id = 8457a3345bbc988adc73adc4a0f86ef14ea821848aaa8a19d6f4aeca95c773b6, type = p2sh-segwit, internal = true
2025-11-13T15:35:30Z [miner] Setting spkMan to active: id = 752ac6aee9f77ff594da67037f2d405731a0906cd9777ab11f14ce5997de82b1, type = bech32m, internal = false
2025-11-13T15:35:31Z [miner] Setting spkMan to active: id = 07f26d8d98f4bef2890bc06dc30a3e61993b115379e8c7327c015b1bd3faebd7, type = bech32m, internal = true
2025-11-13T15:35:31Z [miner] Setting spkMan to active: id = 5839ab0b18a71415c4570b741023de1d336ab00be374d098c774a32214b4f0f2, type = bech32, internal = false
2025-11-13T15:35:31Z [miner] Setting spkMan to active: id = b03d1c5582d07fd3fe34eece34281353321e856333d4727eb78dc9ed12dd9587, type = bech32, internal = true
2025-11-13T15:35:31Z [miner] RescanFromTime: Rescanning last 1 blocks
2025-11-13T15:35:31Z [miner] Rescan started from block 00000008819873e925422c1ff0f99f7cc9bbb232af63a077a480a3633bee1ef6... (slow variant inspecting all blocks)
2025-11-13T15:35:31Z [miner] Scanning current mempool transactions.
2025-11-13T15:35:31Z [miner] Rescan completed in               0ms
2025-11-13T15:35:31Z CreateNewBlock(): block weight: 800 txs: 0 fees: 0 sigops 400
2025-11-13T15:35:31Z Leaving InitialBlockDownload (latching to false)
2025-11-13T15:35:31Z UpdateTip: new best=00000176a69a5a44b86cf44516b157ecbabac3318de70a5b98f2734af4c5dd62 height=1 version=0x20000000 log2_work=23.206105 tx=2 date='2025-11-13T15:35:31Z' progress=1.000000 cache=0.3MiB(1txo)
2025-11-13T15:35:31Z [miner] AddToWallet 979f26aae59bc2b164a9ef8589bdb36d4a7905e1bf1b0c697846908eda17d425  new Confirmed (block=00000176a69a5a44b86cf44516b157ecbabac3318de70a5b98f2734af4c5dd62, height=1, index=0)
2025-11-13T15:36:02Z CreateNewBlock(): block weight: 800 txs: 0 fees: 0 sigops 400
2025-11-13T15:36:02Z UpdateTip: new best=000000ccae1cce9fe2f20cd327106a17c0ca0099cbcda44e4d1ab4e3a6afc0a6 height=2 version=0x20000000 log2_work=23.791067 tx=3 date='2025-11-13T15:45:31Z' progress=1.000000 cache=0.3MiB(2txo)
2025-11-13T15:36:26Z Adding fixed seeds as 60 seconds have passed and addrman is empty for at least one reachable network
2025-11-13T15:36:26Z Added 0 fixed seeds from reachable networks.
2025-11-13T15:39:15Z CreateNewBlock(): block weight: 800 txs: 0 fees: 0 sigops 400
2025-11-13T15:39:16Z UpdateTip: new best=000000f9a87c58ac63bb8a12a51719e8f2f5c4d2705a9b169209e9e360033264 height=3 version=0x20000000 log2_work=24.206105 tx=4 date='2025-11-13T15:55:31Z' progress=1.000000 cache=0.3MiB(3txo)
2025-11-13T15:40:24Z CreateNewBlock(): block weight: 800 txs: 0 fees: 0 sigops 400
2025-11-13T15:40:24Z UpdateTip: new best=0000014ffe02f3ea6de1ccf6f6eeca4dd54ee95d830f8ff11655b43401143577 height=4 version=0x20000000 log2_work=24.528033 tx=5 date='2025-11-13T16:05:31Z' progress=1.000000 cache=0.3MiB(4txo)
2025-11-13T15:40:51Z CreateNewBlock(): block weight: 800 txs: 0 fees: 0 sigops 400
2025-11-13T15:40:52Z UpdateTip: new best=000002159b145d0a22c9ca17405304ed44af827e42b6c74bd59467177ff60b80 height=5 version=0x20000000 log2_work=24.791067 tx=6 date='2025-11-13T16:15:31Z' progress=1.000000 cache=0.3MiB(5txo)
2025-11-13T15:40:52Z CreateNewBlock(): block weight: 800 txs: 0 fees: 0 sigops 400
2025-11-13T15:40:52Z UpdateTip: new best=00000157321fa97a738787eac6746c0fd47c6424a1bafcf0c971e7564781b5a4 height=6 version=0x20000000 log2_work=25.013459 tx=7 date='2025-11-13T16:25:31Z' progress=1.000000 cache=0.3MiB(6txo)
2025-11-13T15:40:52Z CreateNewBlock(): block weight: 800 txs: 0 fees: 0 sigops 400
2025-11-13T15:40:53Z UpdateTip: new best=000003288b6324c0dfbdd7836ea2ad933ed9865e19678fa66109a9e5ffd76468 height=7 version=0x20000000 log2_work=25.206105 tx=8 date='2025-11-13T16:35:31Z' progress=1.000000 cache=0.3MiB(7txo)
2025-11-13T15:40:53Z CreateNewBlock(): block weight: 800 txs: 0 fees: 0 sigops 400
2025-11-13T15:40:54Z UpdateTip: new best=000002bf674f9fe4660eecd37eefd1910487de4fee1cb53480fef6c7c0d27a40 height=8 version=0x20000000 log2_work=25.376030 tx=9 date='2025-11-13T16:45:31Z' progress=1.000000 cache=0.3MiB(8txo)
2025-11-13T15:40:54Z CreateNewBlock(): block weight: 800 txs: 0 fees: 0 sigops 400
2025-11-13T15:40:55Z UpdateTip: new best=000002819bf585164f041729938c357cccb1b8c16d29a1b60b4ecef490d1e977 height=9 version=0x20000000 log2_work=25.528033 tx=10 date='2025-11-13T16:55:31Z' progress=1.000000 cache=0.3MiB(9txo)
2025-11-13T15:40:55Z CreateNewBlock(): block weight: 800 txs: 0 fees: 0 sigops 400
2025-11-13T15:40:55Z UpdateTip: new best=0000008dee3d4eb95401caa6dd3f245db0cb7031a398c317ad88ea4871864b88 height=10 version=0x20000000 log2_work=25.665536 tx=11 date='2025-11-13T17:05:31Z' progress=1.000000 cache=0.3MiB(10txo)
2025-11-13T15:40:55Z CreateNewBlock(): block weight: 800 txs: 0 fees: 0 sigops 400
2025-11-13T15:40:57Z UpdateTip: new best=0000031854ab883902eb17ad62b38f923d4ad25070d1790a5947af20f76912eb height=11 version=0x20000000 log2_work=25.791067 tx=12 date='2025-11-13T17:15:31Z' progress=1.000000 cache=0.3MiB(11txo)
2025-11-13T15:40:57Z CreateNewBlock(): block weight: 800 txs: 0 fees: 0 sigops 400
2025-11-13T15:40:58Z UpdateTip: new best=000000d5d13c451c9bdda724512cb0e6ec987d74e865a70dabb1da091adc6e05 height=12 version=0x20000000 log2_work=25.906544 tx=13 date='2025-11-13T17:25:31Z' progress=1.000000 cache=0.3MiB(12txo)
2025-11-13T15:40:59Z CreateNewBlock(): block weight: 800 txs: 0 fees: 0 sigops 400
2025-11-13T15:41:00Z UpdateTip: new best=0000015542ec7df78c2c970e4c8d80ae6c6eccc63c712c8d614d917d016db921 height=13 version=0x20000000 log2_work=26.013459 tx=14 date='2025-11-13T17:35:31Z' progress=1.000000 cache=0.3MiB(13txo)
2025-11-13T15:50:16Z ThreadRPCServer incorrect password attempt from 127.0.0.1:65346
2025-11-13T15:50:31Z CreateNewBlock(): block weight: 800 txs: 0 fees: 0 sigops 400
2025-11-13T15:50:31Z UpdateTip: new best=000001d5b1c4d3bda44d75d16ef10de18291927633cae72b1b808fe65493401a height=14 version=0x20000000 log2_work=26.112995 tx=15 date='2025-11-13T17:45:31Z' progress=1.000000 cache=0.3MiB(14txo)
2025-11-13T15:50:36Z ThreadRPCServer incorrect password attempt from 127.0.0.1:65358
2025-11-13T15:59:49Z [net:info] portmap: Added mapping pcp:192.168.12.214:38333 -> 192.168.2.2:38333 (for 2400s)
2025-11-13T16:00:31Z CreateNewBlock(): block weight: 800 txs: 0 fees: 0 sigops 400
2025-11-13T16:00:31Z UpdateTip: new best=000003229cf07c04ca66660cb139c32c126bda2c43f41e1073d3ba7fdf5854e4 height=15 version=0x20000000 log2_work=26.206105 tx=16 date='2025-11-13T17:55:31Z' progress=1.000000 cache=0.3MiB(15txo)
